Microchip MPLAB XC8 Compiler V2.32

Linker command line:

-W-3 --edf=C:\Program Files\Microchip\xc8\v2.32\pic\dat\en_msgs.txt -cn \
  -h+dist/default/production\projetoFinal_TBA.X.production.sym \
  --cmf=dist/default/production\projetoFinal_TBA.X.production.cmf -z \
  -Q18F4520 -oC:\Users\THIAGO~1.ARA\AppData\Local\Temp\xcAs7mo.4 \
  --defsym=__MPLAB_BUILD=1 \
  -Mdist/default/production/projetoFinal_TBA.X.production.map -E1 \
  -ver=XC8 Compiler --acfsm=1493 -ASTACK=080h-05FFh -pstack=STACK \
  -ACODE=00h-07FFFh -ACONST=00h-07FFFh -ASMALLCONST=0600h-06FFhx122 \
  -AMEDIUMCONST=0600h-07FFFh -ACOMRAM=01h-07Fh -AABS1=00h-05FFh \
  -ABIGRAM=01h-05FFh -ARAM=080h-0FFh,0100h-01FFhx5 -ABANK0=080h-0FFh \
  -ABANK1=0100h-01FFh -ABANK2=0200h-02FFh -ABANK3=0300h-03FFh \
  -ABANK4=0400h-04FFh -ABANK5=0500h-05FFh -ASFR=0F80h-0FFFh \
  -ACONFIG=0300000h-030000Dh -AIDLOC=0200000h-0200007h \
  -AEEDATA=0F00000h-0F000FFh -peeprom_data=EEDATA \
  -preset_vec=00h,intcode,intcodelo,powerup,init -pramtop=0600h \
  -psmallconst=SMALLCONST -pmediumconst=MEDIUMCONST -pconst=CONST \
  -AFARRAM=00h-00h \
  -prdata=COMRAM,nvrram=COMRAM,nvbit=COMRAM,rbss=COMRAM,rbit=COMRAM \
  -pfarbss=FARRAM,fardata=FARRAM,nvFARRAM=FARRAM \
  -pintsave_regs=BIGRAM,bigbss=BIGRAM,bigdata=BIGRAM -pbss=RAM \
  -pidata=CODE,irdata=CODE,ibigdata=CODE,ifardata=CODE -prparam=COMRAM \
  C:\Users\THIAGO~1.ARA\AppData\Local\Temp\xcAs7mo.o \
  dist/default/production\projetoFinal_TBA.X.production.o 

Object code version is 3.11

Machine type is 18F4520



                Name                               Link     Load   Length Selector   Space Scale
C:\Users\THIAGO~1.ARA\AppData\Local\Temp\xcAs7mo.o
                idloc                            200000   200000        8        0       5
                config                           300000   300000        E        0       4
                init                                  0        0        4        0       0
dist/default/production\projetoFinal_TBA.X.production.o
                idloc                            200000   200000        8        0       5
                config                           300000   300000        E        0       4
                smallconst                          600      600       BC      300       0
                text43                             1C62     1C62       2C      35E       0
                text42                             1DE6     1DE6       16      35E       0
                text41                             12E2     12E2       DA      35E       0
                text40                              D0C      D0C      16A      35E       0
                text39                              90A      90A      24E      35E       0
                text38                             1CB8     1CB8       2A      35E       0
                text37                             1C8E     1C8E       2A      35E       0
                text36                             1AFC     1AFC       4E      35E       0
                text35                              E76      E76      136      35E       0
                text34                              6BC      6BC      24E      35E       0
                text33                             1B8C     1B8C       3E      35E       0
                text32                             1C00     1C00       32      35E       0
                text31                             1C32     1C32       30      35E       0
                text30                             1E26     1E26        2      F13       0
                text29                             1B4A     1B4A       42      35E       0
                text28                             19F6     19F6       5A      35E       0
                text27                             1D94     1D94       1E      35E       0
                text26                             1D2E     1D2E       26      35E       0
                text25                             1480     1480       B4      35E       0
                text24                             1E0C     1E0C        A      35E       0
                text23                             182A     182A       78      35E       0
                text22                             11EA     11EA       F8      35E       0
                text21                             13BC     13BC       C4      35E       0
                text20                             1534     1534       B0      35E       0
                text19                             1D76     1D76       1E      35E       0
                text18                             1916     1916       74      35E       0
                text17                             1AA6     1AA6       56      35E       0
                text16                             167E     167E       9A      35E       0
                text15                             15E4     15E4       9A      35E       0
                text14                             1718     1718       98      35E       0
                text13                              B58      B58      1B4      35E       0
                text12                             10DE     10DE      10C      35E       0
                text11                             1D08     1D08       26      35E       0
                text10                             1DCC     1DCC       1A      35E       0
                text9                              1DB2     1DB2       1A      35E       0
                text8                              18A2     18A2       74      35E       0
                text7                              1CE2     1CE2       26      35E       0
                text6                              198A     198A       6C      35E       0
                text5                              1A50     1A50       56      35E       0
                text4                              17B0     17B0       7A      35E       0
                text3                              1E16     1E16        8      35E       0
                text2                              1D54     1D54       22      35E       0
                text1                              1DFC     1DFC       10      35E       0
                text0                               FAC      FAC      132      35E       0
                cstackCOMRAM                          1        1       1A        1       1
                dataCOMRAM                           2D       2D        7        1       1
                bssCOMRAM                            1B       1B       12        1       1
                cinit                              1BCA     1BCA       36      35E       0
                idataCOMRAM                        1E1E     1E1E        7      35E       0

TOTAL           Name                               Link     Load   Length     Space
        CLASS   STACK          

        CLASS   CODE           
                init                                  0        0        4         0
                text43                             1C62     1C62       2C         0
                text42                             1DE6     1DE6       16         0
                text41                             12E2     12E2       DA         0
                text40                              D0C      D0C      16A         0
                text39                              90A      90A      24E         0
                text38                             1CB8     1CB8       2A         0
                text37                             1C8E     1C8E       2A         0
                text36                             1AFC     1AFC       4E         0
                text35                              E76      E76      136         0
                text34                              6BC      6BC      24E         0
                text33                             1B8C     1B8C       3E         0
                text32                             1C00     1C00       32         0
                text31                             1C32     1C32       30         0
                text30                             1E26     1E26        2         0
                text29                             1B4A     1B4A       42         0
                text28                             19F6     19F6       5A         0
                text27                             1D94     1D94       1E         0
                text26                             1D2E     1D2E       26         0
                text25                             1480     1480       B4         0
                text24                             1E0C     1E0C        A         0
                text23                             182A     182A       78         0
                text22                             11EA     11EA       F8         0
                text21                             13BC     13BC       C4         0
                text20                             1534     1534       B0         0
                text19                             1D76     1D76       1E         0
                text18                             1916     1916       74         0
                text17                             1AA6     1AA6       56         0
                text16                             167E     167E       9A         0
                text15                             15E4     15E4       9A         0
                text14                             1718     1718       98         0
                text13                              B58      B58      1B4         0
                text12                             10DE     10DE      10C         0
                text11                             1D08     1D08       26         0
                text10                             1DCC     1DCC       1A         0
                text9                              1DB2     1DB2       1A         0
                text8                              18A2     18A2       74         0
                text7                              1CE2     1CE2       26         0
                text6                              198A     198A       6C         0
                text5                              1A50     1A50       56         0
                text4                              17B0     17B0       7A         0
                text3                              1E16     1E16        8         0
                text2                              1D54     1D54       22         0
                text1                              1DFC     1DFC       10         0
                text0                               FAC      FAC      132         0
                cinit                              1BCA     1BCA       36         0
                idataCOMRAM                        1E1E     1E1E        7         0

        CLASS   CONST          

        CLASS   SMALLCONST     
                smallconst                          600      600       BC         0

        CLASS   MEDIUMCONST    

        CLASS   COMRAM         
                cstackCOMRAM                          1        1       1A         1
                dataCOMRAM                           2D       2D        7         1
                bssCOMRAM                            1B       1B       12         1

        CLASS   ABS1           

        CLASS   BIGRAM         

        CLASS   RAM            

        CLASS   BANK0          

        CLASS   BANK1          

        CLASS   BANK2          

        CLASS   BANK3          

        CLASS   BANK4          

        CLASS   BANK5          

        CLASS   SFR            

        CLASS   CONFIG         
                config                           300000   300000        E         4

        CLASS   IDLOC          
                idloc                            200000   200000        8         5

        CLASS   EEDATA         

        CLASS   FARRAM         



SEGMENTS        Name                           Load    Length   Top    Selector   Space  Class

                reset_vec                      000000  000004  000004         0       0  CODE    
                cstackCOMRAM                   000001  000033  000034         1       1  COMRAM  
                smallconst                     000600  0000BC  0006BC       300       0  SMALLCON
                text34                         0006BC  001769  001E25       35E       0  CODE    
                text30                         001E26  000002  001E28       F13       0  CODE    


UNUSED ADDRESS RANGES

        Name                Unused          Largest block    Delta
        BANK0            000080-0000FF               80
        BANK1            000100-0001FF              100
        BANK2            000200-0002FF              100
        BANK3            000300-0003FF              100
        BANK4            000400-0004FF              100
        BANK5            000500-0005FF              100
        BIGRAM           000034-0005FF              5CC
        CODE             000004-0005FF              5FC
                         001E25-001E25                1
                         001E28-007FFF             61D8
        COMRAM           000034-00007F               4C
        CONST            000004-0005FF              5FC
                         001E25-001E25                1
                         001E28-007FFF             61D8
        EEDATA           F00000-F000FF              100
        MEDIUMCONST      001E25-001E25                1
                         001E28-007FFF             61D8
        RAM              000080-0005FF              100
        SFR              000F80-000FFF               80
        SMALLCONST       001E25-001E25                1
                         001E28-007FFF              100
        STACK            000080-0005FF              580

                                  Symbol Table

?___aldiv                cstackCOMRAM 000001
?___awdiv                cstackCOMRAM 000001
?___awmod                cstackCOMRAM 000009
?___lwdiv                cstackCOMRAM 000001
?___wmul                 cstackCOMRAM 000001
?_digitalRead            cstackCOMRAM 000001
?_kpRead                 cstackCOMRAM 000001
InfBoiler@cmd            cstackCOMRAM 000004
_ADCON0                  (abs)        000FC2
_ADCON1                  (abs)        000FC1
_ADCON2                  (abs)        000FC0
_ADRESH                  (abs)        000FC4
_ADRESL                  (abs)        000FC3
_BAUDCON                 (abs)        000FB8
_CCP2CON                 (abs)        000FBA
_CCPR2L                  (abs)        000FBB
_INTCON                  (abs)        000FF2
_InfBoiler               text41       0012E2
_PIR1                    (abs)        000F9E
_PORTA                   (abs)        000F80
_PORTB                   (abs)        000F81
_PORTC                   (abs)        000F82
_PORTD                   (abs)        000F83
_PORTE                   (abs)        000F84
_PR2                     (abs)        000FCB
_PulseClockData          text38       001CB8
_PulseEnClock            text37       001C8E
_RCREG                   (abs)        000FAE
_RCSTA                   (abs)        000FAB
_SPBRG                   (abs)        000FAF
_SPBRGH                  (abs)        000FB0
_T0CON                   (abs)        000FD5
_T2CON                   (abs)        000FCA
_TMR0H                   (abs)        000FD7
_TMR0L                   (abs)        000FD6
_TRISA                   (abs)        000F92
_TRISB                   (abs)        000F93
_TRISC                   (abs)        000F94
_TRISD                   (abs)        000F95
_TRISE                   (abs)        000F96
_TXREG                   (abs)        000FAD
_TXSTA                   (abs)        000FAC
__HRAM                   (abs)        000000
__Habs1                  abs1         000000
__Hbank0                 bank0        000000
__Hbank1                 bank1        000000
__Hbank2                 bank2        000000
__Hbank3                 bank3        000000
__Hbank4                 bank4        000000
__Hbank5                 bank5        000000
__Hbigbss                bigbss       000000
__Hbigdata               bigdata      000000
__Hbigram                bigram       000000
__Hbss                   bss          000000
__HbssCOMRAM             bssCOMRAM    000000
__Hcinit                 cinit        000000
__Hclrtext               clrtext      000000
__Hcomram                comram       000000
__Hconfig                config       30000E
__Hconst                 const        000000
__HcstackCOMRAM          cstackCOMRAM 000000
__Hdata                  data         000000
__HdataCOMRAM            dataCOMRAM   000000
__Heeprom_data           eeprom_data  000000
__Hfarbss                farbss       000000
__Hfardata               fardata      000000
__Hibigdata              ibigdata     000000
__Hidata                 idata        000000
__HidataCOMRAM           idataCOMRAM  000000
__Hidloc                 idloc        200008
__Hifardata              ifardata     000000
__Hinit                  init         000004
__Hintcode               intcode      000000
__Hintcode_body          intcode_body 000000
__Hintcodelo             intcodelo    000000
__Hintentry              intentry     000000
__Hintret                intret       000000
__Hintsave_regs          intsave_regs 000000
__Hirdata                irdata       000000
__Hmediumconst           mediumconst  000000
__HnvFARRAM              nvFARRAM     000000
__Hnvbit                 nvbit        000000
__Hnvrram                nvrram       000000
__Hparam                 rparam       000000
__Hpowerup               powerup      000000
__Hram                   ram          000000
__Hramtop                ramtop       000600
__Hrbit                  rbit         000000
__Hrbss                  rbss         000000
__Hrdata                 rdata        000000
__Hreset_vec             reset_vec    000000
__Hrparam                rparam       000000
__Hsfr                   sfr          000000
__Hsmallconst            smallconst   0006BC
__Hspace_0               (abs)        001E28
__Hspace_1               (abs)        000034
__Hspace_2               (abs)        000000
__Hspace_4               (abs)        60000E
__Hstack                 stack        000000
__Hstruct                struct       000000
__Htemp                  temp         000000
__Htext                  text         000000
__Htext0                 text0        000000
__Htext1                 text1        000000
__Htext10                text10       000000
__Htext11                text11       000000
__Htext12                text12       000000
__Htext13                text13       000000
__Htext14                text14       000000
__Htext15                text15       000000
__Htext16                text16       000000
__Htext17                text17       000000
__Htext18                text18       000000
__Htext19                text19       000000
__Htext2                 text2        000000
__Htext20                text20       000000
__Htext21                text21       000000
__Htext22                text22       000000
__Htext23                text23       000000
__Htext24                text24       000000
__Htext25                text25       000000
__Htext26                text26       000000
__Htext27                text27       000000
__Htext28                text28       000000
__Htext29                text29       000000
__Htext3                 text3        000000
__Htext30                text30       000000
__Htext31                text31       000000
__Htext32                text32       000000
__Htext33                text33       000000
__Htext34                text34       000000
__Htext35                text35       000000
__Htext36                text36       000000
__Htext37                text37       000000
__Htext38                text38       000000
__Htext39                text39       000000
__Htext4                 text4        000000
__Htext40                text40       000000
__Htext41                text41       000000
__Htext42                text42       000000
__Htext43                text43       000000
__Htext5                 text5        000000
__Htext6                 text6        000000
__Htext7                 text7        000000
__Htext8                 text8        000000
__Htext9                 text9        000000
__LRAM                   (abs)        000001
__Labs1                  abs1         000000
__Lbank0                 bank0        000000
__Lbank1                 bank1        000000
__Lbank2                 bank2        000000
__Lbank3                 bank3        000000
__Lbank4                 bank4        000000
__Lbank5                 bank5        000000
__Lbigbss                bigbss       000000
__Lbigdata               bigdata      000000
__Lbigram                bigram       000000
__Lbss                   bss          000000
__LbssCOMRAM             bssCOMRAM    000000
__Lcinit                 cinit        000000
__Lclrtext               clrtext      000000
__Lcomram                comram       000000
__Lconfig                config       000000
__Lconst                 const        000000
__LcstackCOMRAM          cstackCOMRAM 000000
__Ldata                  data         000000
__LdataCOMRAM            dataCOMRAM   000000
__Leeprom_data           eeprom_data  000000
__Lfarbss                farbss       000000
__Lfardata               fardata      000000
__Libigdata              ibigdata     000000
__Lidata                 idata        000000
__LidataCOMRAM           idataCOMRAM  000000
__Lidloc                 idloc        000000
__Lifardata              ifardata     000000
__Linit                  init         000000
__Lintcode               intcode      000000
__Lintcode_body          intcode_body 000000
__Lintcodelo             intcodelo    000000
__Lintentry              intentry     000000
__Lintret                intret       000000
__Lintsave_regs          intsave_regs 000000
__Lirdata                irdata       000000
__Lmediumconst           mediumconst  000000
__LnvFARRAM              nvFARRAM     000000
__Lnvbit                 nvbit        000000
__Lnvrram                nvrram       000000
__Lparam                 rparam       000000
__Lpowerup               powerup      000000
__Lram                   ram          000000
__Lramtop                ramtop       000600
__Lrbit                  rbit         000000
__Lrbss                  rbss         000000
__Lrdata                 rdata        000000
__Lreset_vec             reset_vec    000000
__Lrparam                rparam       000000
__Lsfr                   sfr          000000
__Lsmallconst            smallconst   000600
__Lspace_0               (abs)        000000
__Lspace_1               (abs)        000000
__Lspace_2               (abs)        000000
__Lspace_4               (abs)        000000
__Lstack                 stack        000000
__Lstruct                struct       000000
__Ltemp                  temp         000000
__Ltext                  text         000000
__Ltext0                 text0        000000
__Ltext1                 text1        000000
__Ltext10                text10       000000
__Ltext11                text11       000000
__Ltext12                text12       000000
__Ltext13                text13       000000
__Ltext14                text14       000000
__Ltext15                text15       000000
__Ltext16                text16       000000
__Ltext17                text17       000000
__Ltext18                text18       000000
__Ltext19                text19       000000
__Ltext2                 text2        000000
__Ltext20                text20       000000
__Ltext21                text21       000000
__Ltext22                text22       000000
__Ltext23                text23       000000
__Ltext24                text24       000000
__Ltext25                text25       000000
__Ltext26                text26       000000
__Ltext27                text27       000000
__Ltext28                text28       000000
__Ltext29                text29       000000
__Ltext3                 text3        000000
__Ltext30                text30       000000
__Ltext31                text31       000000
__Ltext32                text32       000000
__Ltext33                text33       000000
__Ltext34                text34       000000
__Ltext35                text35       000000
__Ltext36                text36       000000
__Ltext37                text37       000000
__Ltext38                text38       000000
__Ltext39                text39       000000
__Ltext4                 text4        000000
__Ltext40                text40       000000
__Ltext41                text41       000000
__Ltext42                text42       000000
__Ltext43                text43       000000
__Ltext5                 text5        000000
__Ltext6                 text6        000000
__Ltext7                 text7        000000
__Ltext8                 text8        000000
__Ltext9                 text9        000000
__S0                     (abs)        001E28
__S1                     (abs)        000034
__S2                     (abs)        000000
__S4                     (abs)        000000
__S5                     (abs)        000000
___aldiv                 text12       0010DE
___aldiv@counter         cstackCOMRAM 000009
___aldiv@dividend        cstackCOMRAM 000001
___aldiv@divisor         cstackCOMRAM 000005
___aldiv@quotient        cstackCOMRAM 00000B
___aldiv@sign            cstackCOMRAM 00000A
___awdiv                 text21       0013BC
___awdiv@counter         cstackCOMRAM 000005
___awdiv@dividend        cstackCOMRAM 000001
___awdiv@divisor         cstackCOMRAM 000003
___awdiv@quotient        cstackCOMRAM 000007
___awdiv@sign            cstackCOMRAM 000006
___awmod                 text20       001534
___awmod@counter         cstackCOMRAM 00000D
___awmod@dividend        cstackCOMRAM 000009
___awmod@divisor         cstackCOMRAM 00000B
___awmod@sign            cstackCOMRAM 00000E
___inthi_sp              stack        000000
___intlo_sp              stack        000000
___lwdiv                 text8        0018A2
___lwdiv@counter         cstackCOMRAM 000007
___lwdiv@dividend        cstackCOMRAM 000001
___lwdiv@divisor         cstackCOMRAM 000003
___lwdiv@quotient        cstackCOMRAM 000005
___param_bank            (abs)        000000
___rparam_used           (abs)        000001
___sp                    stack        000000
___wmul                  text7        001CE2
___wmul@multiplicand     cstackCOMRAM 000003
___wmul@multiplier       cstackCOMRAM 000001
___wmul@product          cstackCOMRAM 000005
__accesstop              (abs)        000080
__activetblptr           (abs)        000002
__end_of_InfBoiler       text41       0013BC
__end_of_PulseClockData  text38       001CE2
__end_of_PulseEnClock    text37       001CB8
__end_of___aldiv         text12       0011EA
__end_of___awdiv         text21       001480
__end_of___awmod         text20       0015E4
__end_of___lwdiv         text8        001916
__end_of___wmul          text7        001D08
__end_of__initialization cinit        001BF6
__end_of_charKey         smallconst   00061B
__end_of_delayMicro      text30       001E28
__end_of_delayMili       text31       001C62
__end_of_digitalRead     text40       000E76
__end_of_digitalWrite    text39       000B58
__end_of_kpDebounce      text35       000FAC
__end_of_kpInit          text32       001C32
__end_of_kpRead          text24       001E16
__end_of_kpReadKey       text23       0018A2
__end_of_lcdChar         text19       001D94
__end_of_lcdCommand      text27       001DB2
__end_of_lcdInit         text25       001534
__end_of_lcdNumber       text18       00198A
__end_of_lcdString       text17       001AFC
__end_of_leituraMenu     text22       0012E2
__end_of_main            text0        0010DE
__end_of_menu1           text16       001718
__end_of_menu2           text15       00167E
__end_of_menu3           text14       0017B0
__end_of_menuCtrl        text13       000D0C
__end_of_pinMode         text34       00090A
__end_of_pulseEnablePin  text29       001B8C
__end_of_pushByte        text28       001A50
__end_of_pushNibble      text26       001D54
__end_of_pwmFrequency    text11       001D2E
__end_of_pwmInit         text10       001DE6
__end_of_pwmSet          text6        0019F6
__end_of_serialInit      text9        001DCC
__end_of_serialRead      text43       001C8E
__end_of_serialSend      text42       001DFC
__end_of_soInit          text33       001BCA
__end_of_soWrite         text36       001B4A
__end_of_status          text5        001AA6
__end_of_tempo           text4        00182A
__end_of_timerInit       text3        001E1E
__end_of_timerReset      text2        001D76
__end_of_timerWait       text1        001E0C
__end_of_valor           smallconst   000611
__initialization         cinit        001BCA
__mediumconst            mediumconst  000000
__pbssCOMRAM             bssCOMRAM    00001B
__pcinit                 cinit        001BCA
__pcstackCOMRAM          cstackCOMRAM 000001
__pdataCOMRAM            dataCOMRAM   00002D
__pidataCOMRAM           idataCOMRAM  001E1E
__psmallconst            smallconst   000600
__ptext0                 text0        000FAC
__ptext1                 text1        001DFC
__ptext10                text10       001DCC
__ptext11                text11       001D08
__ptext12                text12       0010DE
__ptext13                text13       000B58
__ptext14                text14       001718
__ptext15                text15       0015E4
__ptext16                text16       00167E
__ptext17                text17       001AA6
__ptext18                text18       001916
__ptext19                text19       001D76
__ptext2                 text2        001D54
__ptext20                text20       001534
__ptext21                text21       0013BC
__ptext22                text22       0011EA
__ptext23                text23       00182A
__ptext24                text24       001E0C
__ptext25                text25       001480
__ptext26                text26       001D2E
__ptext27                text27       001D94
__ptext28                text28       0019F6
__ptext29                text29       001B4A
__ptext3                 text3        001E16
__ptext30                text30       001E26
__ptext31                text31       001C32
__ptext32                text32       001C00
__ptext33                text33       001B8C
__ptext34                text34       0006BC
__ptext35                text35       000E76
__ptext36                text36       001AFC
__ptext37                text37       001C8E
__ptext38                text38       001CB8
__ptext39                text39       00090A
__ptext4                 text4        0017B0
__ptext40                text40       000D0C
__ptext41                text41       0012E2
__ptext42                text42       001DE6
__ptext43                text43       001C62
__ptext5                 text5        001A50
__ptext6                 text6        00198A
__ptext7                 text7        001CE2
__ptext8                 text8        0018A2
__ptext9                 text9        001DB2
__ramtop                 ramtop       000600
__size_of_InfBoiler      (abs)        000000
__size_of_PulseClockData (abs)        000000
__size_of_PulseEnClock   (abs)        000000
__size_of___aldiv        (abs)        000000
__size_of___awdiv        (abs)        000000
__size_of___awmod        (abs)        000000
__size_of___lwdiv        (abs)        000000
__size_of___wmul         (abs)        000000
__size_of_delayMicro     (abs)        000000
__size_of_delayMili      (abs)        000000
__size_of_digitalRead    (abs)        000000
__size_of_digitalWrite   (abs)        000000
__size_of_kpDebounce     (abs)        000000
__size_of_kpInit         (abs)        000000
__size_of_kpRead         (abs)        000000
__size_of_kpReadKey      (abs)        000000
__size_of_lcdChar        (abs)        000000
__size_of_lcdCommand     (abs)        000000
__size_of_lcdInit        (abs)        000000
__size_of_lcdNumber      (abs)        000000
__size_of_lcdString      (abs)        000000
__size_of_leituraMenu    (abs)        000000
__size_of_main           (abs)        000000
__size_of_menu1          (abs)        000000
__size_of_menu2          (abs)        000000
__size_of_menu3          (abs)        000000
__size_of_menuCtrl       (abs)        000000
__size_of_pinMode        (abs)        000000
__size_of_pulseEnablePin (abs)        000000
__size_of_pushByte       (abs)        000000
__size_of_pushNibble     (abs)        000000
__size_of_pwmFrequency   (abs)        000000
__size_of_pwmInit        (abs)        000000
__size_of_pwmSet         (abs)        000000
__size_of_serialInit     (abs)        000000
__size_of_serialRead     (abs)        000000
__size_of_serialSend     (abs)        000000
__size_of_soInit         (abs)        000000
__size_of_soWrite        (abs)        000000
__size_of_status         (abs)        000000
__size_of_tempo          (abs)        000000
__size_of_timerInit      (abs)        000000
__size_of_timerReset     (abs)        000000
__size_of_timerWait      (abs)        000000
__smallconst             smallconst   000600
_aux                     bssCOMRAM    00001D
_aux2                    bssCOMRAM    00001B
_charKey                 smallconst   000611
_count                   bssCOMRAM    00002B
_ctrl                    bssCOMRAM    00002A
_delayMicro              text30       001E26
_delayMili               text31       001C32
_digitalRead             text40       000D0C
_digitalWrite            text39       00090A
_display                 bssCOMRAM    000029
_keys                    bssCOMRAM    000023
_kpDebounce              text35       000E76
_kpInit                  text32       001C00
_kpRead                  text24       001E0C
_kpReadKey               text23       00182A
_lcdChar                 text19       001D76
_lcdCommand              text27       001D94
_lcdInit                 text25       001480
_lcdNumber               text18       001916
_lcdString               text17       001AA6
_leituraMenu             text22       0011EA
_lev                     dataCOMRAM   000031
_main                    text0        000FAC
_menu1                   text16       00167E
_menu2                   text15       0015E4
_menu3                   text14       001718
_menuCtrl                text13       000B58
_menuNum                 dataCOMRAM   000033
_pinMode                 text34       0006BC
_pres                    dataCOMRAM   00002F
_pulseEnablePin          text29       001B4A
_pushByte                text28       0019F6
_pushNibble              text26       001D2E
_pwmFrequency            text11       001D08
_pwmInit                 text10       001DCC
_pwmSet                  text6        00198A
_serialInit              text9        001DB2
_serialRead              text43       001C62
_serialSend              text42       001DE6
_soInit                  text33       001B8C
_soWrite                 text36       001AFC
_status                  text5        001A50
_subMenu                 dataCOMRAM   000032
_temp                    dataCOMRAM   00002D
_tempo                   text4        0017B0
_timerInit               text3        001E16
_timerReset              text2        001D54
_timerWait               text1        001DFC
_v0                      bssCOMRAM    000028
_v1                      bssCOMRAM    000027
_v2                      bssCOMRAM    000026
_v3                      bssCOMRAM    000025
_valor                   smallconst   000601
delayMicro@a             cstackCOMRAM 000001
delayMili@a              cstackCOMRAM 000001
delayMili@i              cstackCOMRAM 000004
digitalRead@pin          cstackCOMRAM 000001
digitalWrite@pin         cstackCOMRAM 000001
digitalWrite@value       cstackCOMRAM 000003
end_of_initialization    cinit        001BF6
intlevel0                text         000000
intlevel1                text         000000
intlevel2                text         000000
intlevel3                text         000000
isa$std                  (abs)        000001
isa$xinst                (abs)        000000
kpDebounce@i             cstackCOMRAM 00000D
kpDebounce@newRead       bssCOMRAM    000021
kpDebounce@oldRead       bssCOMRAM    00001F
kpDebounce@tempo         bssCOMRAM    00002C
kpReadKey@i              cstackCOMRAM 000004
lcdChar@value            cstackCOMRAM 00000E
lcdCommand@value         cstackCOMRAM 00000E
lcdNumber@i              cstackCOMRAM 000011
lcdNumber@value          cstackCOMRAM 00000F
lcdString@i              cstackCOMRAM 000013
lcdString@msg            cstackCOMRAM 00000F
main@slot                cstackCOMRAM 00001A
menu1@subMenu            cstackCOMRAM 000017
menu2@subMenu            cstackCOMRAM 000017
menu3@subMenu            cstackCOMRAM 000017
menuCtrl@menuNum         cstackCOMRAM 000009
menuCtrl@subMenu         cstackCOMRAM 000006
pinMode@pin              cstackCOMRAM 000001
pinMode@type             cstackCOMRAM 000003
pushByte@rs              cstackCOMRAM 00000A
pushByte@value           cstackCOMRAM 00000D
pushNibble@rs            cstackCOMRAM 00000A
pushNibble@value         cstackCOMRAM 00000C
pwmFrequency@freq        cstackCOMRAM 00000F
pwmSet@porcento          cstackCOMRAM 00000A
pwmSet@val               cstackCOMRAM 00000B
serialRead@resp          cstackCOMRAM 000001
serialSend@c             cstackCOMRAM 000001
soWrite@i                cstackCOMRAM 000009
soWrite@value            cstackCOMRAM 000007
stackhi                  (abs)        0005FF
stacklo                  (abs)        000080
start                    init         000000
start_initialization     cinit        001BCA
tempo@aux                cstackCOMRAM 000002
tempo@i                  cstackCOMRAM 000003
tempo@j                  cstackCOMRAM 000004
tempo@k                  cstackCOMRAM 000005
tempo@tempX              cstackCOMRAM 000001
timerReset@ciclos        cstackCOMRAM 000003
timerReset@tempo         cstackCOMRAM 000001


MODULE INFORMATION

Module		Function		Class		Link	Load	Size
C:\Program Files\Microchip\xc8\v2.32\pic\sources\c99\common\awdiv.c
		___awdiv       		CODE           	13BC	0000	196

C:\Program Files\Microchip\xc8\v2.32\pic\sources\c99\common\awdiv.c estimated size: 196

serial.c
		_serialSend    		CODE           	1DE6	0000	22
		_serialInit    		CODE           	1DB2	0000	26
		_serialRead    		CODE           	1C62	0000	44

serial.c estimated size: 92

delay.c
		_tempo         		CODE           	17B0	0000	122

delay.c estimated size: 122

C:\Program Files\Microchip\xc8\v2.32\pic\sources\c99\common\aldiv.c
		___aldiv       		CODE           	10DE	0000	268

C:\Program Files\Microchip\xc8\v2.32\pic\sources\c99\common\aldiv.c estimated size: 268

keypad.c
		_kpInit        		CODE           	1C00	0000	50
		_kpReadKey     		CODE           	182A	0000	120
		_kpDebounce    		CODE           	0E76	0000	310
		_kpRead        		CODE           	1E0C	0000	10

keypad.c estimated size: 490

so.c
		_soInit        		CODE           	1B8C	0000	62
		_soWrite       		CODE           	1AFC	0000	78
		_PulseEnClock  		CODE           	1C8E	0000	42
		_PulseClockData		CODE           	1CB8	0000	42

so.c estimated size: 224

io.c
		_digitalRead   		CODE           	0D0C	0000	362
		_digitalWrite  		CODE           	090A	0000	590
		_pinMode       		CODE           	06BC	0000	590

io.c estimated size: 1542

timer.c
		_timerWait     		CODE           	1DFC	0000	16
		_timerReset    		CODE           	1D54	0000	34
		_timerInit     		CODE           	1E16	0000	8

timer.c estimated size: 58

pwm.c
		_pwmInit       		CODE           	1DCC	0000	26
		_pwmFrequency  		CODE           	1D08	0000	38
		_pwmSet        		CODE           	198A	0000	108

pwm.c estimated size: 172

C:\Program Files\Microchip\xc8\v2.32\pic\sources\c99\common\Umul16.c
		___wmul        		CODE           	1CE2	0000	38

C:\Program Files\Microchip\xc8\v2.32\pic\sources\c99\common\Umul16.c estimated size: 38

shared
		_valor         		SMALLCONST     	0601	0000	16
		_charKey       		SMALLCONST     	0611	0000	10
		__initialization		CODE           	1BCA	0000	44

shared estimated size: 70

C:\Program Files\Microchip\xc8\v2.32\pic\sources\c99\common\awmod.c
		___awmod       		CODE           	1534	0000	176

C:\Program Files\Microchip\xc8\v2.32\pic\sources\c99\common\awmod.c estimated size: 176

C:\Program Files\Microchip\xc8\v2.32\pic\sources\c99\common\lwdiv.c
		___lwdiv       		CODE           	18A2	0000	116

C:\Program Files\Microchip\xc8\v2.32\pic\sources\c99\common\lwdiv.c estimated size: 116

menu.c
		_menuCtrl      		CODE           	0B58	0000	436
		_menu1         		CODE           	167E	0000	154
		_menu2         		CODE           	15E4	0000	154
		_menu3         		CODE           	1718	0000	152
		_leituraMenu   		CODE           	11EA	0000	248

menu.c estimated size: 1144

lcd.c
		_lcdCommand    		CODE           	1D94	0000	30
		_lcdChar       		CODE           	1D76	0000	30
		_lcdString     		CODE           	1AA6	0000	86
		_pulseEnablePin		CODE           	1B4A	0000	66
		_lcdNumber     		CODE           	1916	0000	116
		_pushByte      		CODE           	19F6	0000	90
		_pushNibble    		CODE           	1D2E	0000	38
		_lcdInit       		CODE           	1480	0000	180
		_delayMili     		CODE           	1C32	0000	48
		_delayMicro    		CODE           	1E26	0000	2

lcd.c estimated size: 686

main.c
		_main          		CODE           	0FAC	0000	306
		_status        		CODE           	1A50	0000	86
		_InfBoiler     		CODE           	12E2	0000	218

main.c estimated size: 610

