Microchip MPLAB XC8 Compiler V2.32

Linker command line:

-W-3 --edf=C:\Program Files\Microchip\xc8\v2.32\pic\dat\en_msgs.txt -cn \
  -h+dist/default/production\projetoFinal_TBA.X.production.sym \
  --cmf=dist/default/production\projetoFinal_TBA.X.production.cmf -z \
  -Q18F4520 -oC:\Users\THIAGO~1.ARA\AppData\Local\Temp\xcAscdc.4 \
  --defsym=__MPLAB_BUILD=1 \
  -Mdist/default/production/projetoFinal_TBA.X.production.map -E1 \
  -ver=XC8 Compiler --acfsm=1493 -ASTACK=080h-05FFh -pstack=STACK \
  -ACODE=00h-07FFFh -ACONST=00h-07FFFh -ASMALLCONST=0600h-06FFhx122 \
  -AMEDIUMCONST=0600h-07FFFh -ACOMRAM=01h-07Fh -AABS1=00h-05FFh \
  -ABIGRAM=01h-05FFh -ARAM=080h-0FFh,0100h-01FFhx5 -ABANK0=080h-0FFh \
  -ABANK1=0100h-01FFh -ABANK2=0200h-02FFh -ABANK3=0300h-03FFh \
  -ABANK4=0400h-04FFh -ABANK5=0500h-05FFh -ASFR=0F80h-0FFFh \
  -ACONFIG=0300000h-030000Dh -AIDLOC=0200000h-0200007h \
  -AEEDATA=0F00000h-0F000FFh -peeprom_data=EEDATA \
  -preset_vec=00h,intcode,intcodelo,powerup,init -pramtop=0600h \
  -psmallconst=SMALLCONST -pmediumconst=MEDIUMCONST -pconst=CONST \
  -AFARRAM=00h-00h \
  -prdata=COMRAM,nvrram=COMRAM,nvbit=COMRAM,rbss=COMRAM,rbit=COMRAM \
  -pfarbss=FARRAM,fardata=FARRAM,nvFARRAM=FARRAM \
  -pintsave_regs=BIGRAM,bigbss=BIGRAM,bigdata=BIGRAM -pbss=RAM \
  -pidata=CODE,irdata=CODE,ibigdata=CODE,ifardata=CODE -prparam=COMRAM \
  C:\Users\THIAGO~1.ARA\AppData\Local\Temp\xcAscdc.o \
  dist/default/production\projetoFinal_TBA.X.production.o 

Object code version is 3.11

Machine type is 18F4520



                Name                               Link     Load   Length Selector   Space Scale
C:\Users\THIAGO~1.ARA\AppData\Local\Temp\xcAscdc.o
                idloc                            200000   200000        8        0       5
                config                           300000   300000        E        0       4
                init                                  0        0        4        0       0
dist/default/production\projetoFinal_TBA.X.production.o
                idloc                            200000   200000        8        0       5
                config                           300000   300000        E        0       4
                smallconst                          600      600       BC      300       0
                text46                             1D9C     1D9C       2C      35E       0
                text45                             1F20     1F20       16      35E       0
                text44                             156E     156E       A6      35E       0
                text43                              EA2      EA2      16A      35E       0
                text42                              90A      90A      24E      35E       0
                text41                             1DF2     1DF2       2A      35E       0
                text40                             1DC8     1DC8       2A      35E       0
                text39                             1C36     1C36       4E      35E       0
                text38                             100C     100C      136      35E       0
                text37                              6BC      6BC      24E      35E       0
                text36                             1CC6     1CC6       3E      35E       0
                text35                             1D3A     1D3A       32      35E       0
                text34                             1D6C     1D6C       30      35E       0
                text33                             1F60     1F60        2      FB0       0
                text32                             1C84     1C84       42      35E       0
                text31                             1A86     1A86       5A      35E       0
                text30                             1ECE     1ECE       1E      35E       0
                text29                             1E68     1E68       26      35E       0
                text28                             140A     140A       B4      35E       0
                text27                             1F46     1F46        A      35E       0
                text26                             185A     185A       78      35E       0
                text25                             124E     124E       F8      35E       0
                text24                             1346     1346       C4      35E       0
                text23                             14BE     14BE       B0      35E       0
                text22                             1EB0     1EB0       1E      35E       0
                text21                             1946     1946       74      35E       0
                text20                             1B8E     1B8E       56      35E       0
                text19                             16AE     16AE       9A      35E       0
                text18                             1614     1614       9A      35E       0
                text17                             1748     1748       98      35E       0
                text16                              B58      B58      1B4      35E       0
                text15                             1142     1142      10C      35E       0
                text14                             1E42     1E42       26      35E       0
                text13                             1F06     1F06       1A      35E       0
                text12                             1EEC     1EEC       1A      35E       0
                text11                             1B38     1B38       56      35E       0
                text10                             18D2     18D2       74      35E       0
                text9                              1E1C     1E1C       26      35E       0
                text8                              19BA     19BA       6C      35E       0
                text7                              1AE0     1AE0       58      35E       0
                text6                              1A26     1A26       60      35E       0
                text5                              17E0     17E0       7A      35E       0
                text4                              1F50     1F50        8      35E       0
                text3                              1E8E     1E8E       22      35E       0
                text2                              1F36     1F36       10      35E       0
                text1                              1BE4     1BE4       52      35E       0
                text0                               D0C      D0C      196      35E       0
                cstackCOMRAM                          1        1       1A        1       1
                dataCOMRAM                           2E       2E        7        1       1
                bssCOMRAM                            1B       1B       13        1       1
                cinit                              1D04     1D04       36      35E       0
                idataCOMRAM                        1F58     1F58        7      35E       0

TOTAL           Name                               Link     Load   Length     Space
        CLASS   STACK          

        CLASS   CODE           
                init                                  0        0        4         0
                text46                             1D9C     1D9C       2C         0
                text45                             1F20     1F20       16         0
                text44                             156E     156E       A6         0
                text43                              EA2      EA2      16A         0
                text42                              90A      90A      24E         0
                text41                             1DF2     1DF2       2A         0
                text40                             1DC8     1DC8       2A         0
                text39                             1C36     1C36       4E         0
                text38                             100C     100C      136         0
                text37                              6BC      6BC      24E         0
                text36                             1CC6     1CC6       3E         0
                text35                             1D3A     1D3A       32         0
                text34                             1D6C     1D6C       30         0
                text33                             1F60     1F60        2         0
                text32                             1C84     1C84       42         0
                text31                             1A86     1A86       5A         0
                text30                             1ECE     1ECE       1E         0
                text29                             1E68     1E68       26         0
                text28                             140A     140A       B4         0
                text27                             1F46     1F46        A         0
                text26                             185A     185A       78         0
                text25                             124E     124E       F8         0
                text24                             1346     1346       C4         0
                text23                             14BE     14BE       B0         0
                text22                             1EB0     1EB0       1E         0
                text21                             1946     1946       74         0
                text20                             1B8E     1B8E       56         0
                text19                             16AE     16AE       9A         0
                text18                             1614     1614       9A         0
                text17                             1748     1748       98         0
                text16                              B58      B58      1B4         0
                text15                             1142     1142      10C         0
                text14                             1E42     1E42       26         0
                text13                             1F06     1F06       1A         0
                text12                             1EEC     1EEC       1A         0
                text11                             1B38     1B38       56         0
                text10                             18D2     18D2       74         0
                text9                              1E1C     1E1C       26         0
                text8                              19BA     19BA       6C         0
                text7                              1AE0     1AE0       58         0
                text6                              1A26     1A26       60         0
                text5                              17E0     17E0       7A         0
                text4                              1F50     1F50        8         0
                text3                              1E8E     1E8E       22         0
                text2                              1F36     1F36       10         0
                text1                              1BE4     1BE4       52         0
                text0                               D0C      D0C      196         0
                cinit                              1D04     1D04       36         0
                idataCOMRAM                        1F58     1F58        7         0

        CLASS   CONST          

        CLASS   SMALLCONST     
                smallconst                          600      600       BC         0

        CLASS   MEDIUMCONST    

        CLASS   COMRAM         
                cstackCOMRAM                          1        1       1A         1
                dataCOMRAM                           2E       2E        7         1
                bssCOMRAM                            1B       1B       13         1

        CLASS   ABS1           

        CLASS   BIGRAM         

        CLASS   RAM            

        CLASS   BANK0          

        CLASS   BANK1          

        CLASS   BANK2          

        CLASS   BANK3          

        CLASS   BANK4          

        CLASS   BANK5          

        CLASS   SFR            

        CLASS   CONFIG         
                config                           300000   300000        E         4

        CLASS   IDLOC          
                idloc                            200000   200000        8         5

        CLASS   EEDATA         

        CLASS   FARRAM         



SEGMENTS        Name                           Load    Length   Top    Selector   Space  Class

                reset_vec                      000000  000004  000004         0       0  CODE    
                cstackCOMRAM                   000001  000034  000035         1       1  COMRAM  
                smallconst                     000600  0000BC  0006BC       300       0  SMALLCON
                text37                         0006BC  0018A3  001F5F       35E       0  CODE    
                text33                         001F60  000002  001F62       FB0       0  CODE    


UNUSED ADDRESS RANGES

        Name                Unused          Largest block    Delta
        BANK0            000080-0000FF               80
        BANK1            000100-0001FF              100
        BANK2            000200-0002FF              100
        BANK3            000300-0003FF              100
        BANK4            000400-0004FF              100
        BANK5            000500-0005FF              100
        BIGRAM           000035-0005FF              5CB
        CODE             000004-0005FF              5FC
                         001F5F-001F5F                1
                         001F62-007FFF             609E
        COMRAM           000035-00007F               4B
        CONST            000004-0005FF              5FC
                         001F5F-001F5F                1
                         001F62-007FFF             609E
        EEDATA           F00000-F000FF              100
        MEDIUMCONST      001F5F-001F5F                1
                         001F62-007FFF             609E
        RAM              000080-0005FF              100
        SFR              000F80-000FFF               80
        SMALLCONST       001F5F-001F5F                1
                         001F62-007FFF              100
        STACK            000080-0005FF              580

                                  Symbol Table

?___aldiv                cstackCOMRAM 000001
?___awdiv                cstackCOMRAM 000001
?___awmod                cstackCOMRAM 000009
?___lwdiv                cstackCOMRAM 000001
?___wmul                 cstackCOMRAM 000001
?_digitalRead            cstackCOMRAM 000001
?_kpRead                 cstackCOMRAM 000001
InfBoiler@cmd            cstackCOMRAM 000004
_ADCON0                  (abs)        000FC2
_ADCON1                  (abs)        000FC1
_ADCON2                  (abs)        000FC0
_ADRESH                  (abs)        000FC4
_ADRESL                  (abs)        000FC3
_BAUDCON                 (abs)        000FB8
_CCP2CON                 (abs)        000FBA
_CCPR2L                  (abs)        000FBB
_INTCON                  (abs)        000FF2
_InfBoiler               text44       00156E
_PIR1                    (abs)        000F9E
_PORTA                   (abs)        000F80
_PORTB                   (abs)        000F81
_PORTC                   (abs)        000F82
_PORTD                   (abs)        000F83
_PORTE                   (abs)        000F84
_PR2                     (abs)        000FCB
_PulseClockData          text41       001DF2
_PulseEnClock            text40       001DC8
_RCREG                   (abs)        000FAE
_RCSTA                   (abs)        000FAB
_SPBRG                   (abs)        000FAF
_SPBRGH                  (abs)        000FB0
_T0CON                   (abs)        000FD5
_T2CON                   (abs)        000FCA
_TMR0H                   (abs)        000FD7
_TMR0L                   (abs)        000FD6
_TRISA                   (abs)        000F92
_TRISB                   (abs)        000F93
_TRISC                   (abs)        000F94
_TRISD                   (abs)        000F95
_TRISE                   (abs)        000F96
_TXREG                   (abs)        000FAD
_TXSTA                   (abs)        000FAC
__HRAM                   (abs)        000000
__Habs1                  abs1         000000
__Hbank0                 bank0        000000
__Hbank1                 bank1        000000
__Hbank2                 bank2        000000
__Hbank3                 bank3        000000
__Hbank4                 bank4        000000
__Hbank5                 bank5        000000
__Hbigbss                bigbss       000000
__Hbigdata               bigdata      000000
__Hbigram                bigram       000000
__Hbss                   bss          000000
__HbssCOMRAM             bssCOMRAM    000000
__Hcinit                 cinit        000000
__Hclrtext               clrtext      000000
__Hcomram                comram       000000
__Hconfig                config       30000E
__Hconst                 const        000000
__HcstackCOMRAM          cstackCOMRAM 000000
__Hdata                  data         000000
__HdataCOMRAM            dataCOMRAM   000000
__Heeprom_data           eeprom_data  000000
__Hfarbss                farbss       000000
__Hfardata               fardata      000000
__Hibigdata              ibigdata     000000
__Hidata                 idata        000000
__HidataCOMRAM           idataCOMRAM  000000
__Hidloc                 idloc        200008
__Hifardata              ifardata     000000
__Hinit                  init         000004
__Hintcode               intcode      000000
__Hintcode_body          intcode_body 000000
__Hintcodelo             intcodelo    000000
__Hintentry              intentry     000000
__Hintret                intret       000000
__Hintsave_regs          intsave_regs 000000
__Hirdata                irdata       000000
__Hmediumconst           mediumconst  000000
__HnvFARRAM              nvFARRAM     000000
__Hnvbit                 nvbit        000000
__Hnvrram                nvrram       000000
__Hparam                 rparam       000000
__Hpowerup               powerup      000000
__Hram                   ram          000000
__Hramtop                ramtop       000600
__Hrbit                  rbit         000000
__Hrbss                  rbss         000000
__Hrdata                 rdata        000000
__Hreset_vec             reset_vec    000000
__Hrparam                rparam       000000
__Hsfr                   sfr          000000
__Hsmallconst            smallconst   0006BC
__Hspace_0               (abs)        001F62
__Hspace_1               (abs)        000035
__Hspace_2               (abs)        000000
__Hspace_4               (abs)        60000E
__Hstack                 stack        000000
__Hstruct                struct       000000
__Htemp                  temp         000000
__Htext                  text         000000
__Htext0                 text0        000000
__Htext1                 text1        000000
__Htext10                text10       000000
__Htext11                text11       000000
__Htext12                text12       000000
__Htext13                text13       000000
__Htext14                text14       000000
__Htext15                text15       000000
__Htext16                text16       000000
__Htext17                text17       000000
__Htext18                text18       000000
__Htext19                text19       000000
__Htext2                 text2        000000
__Htext20                text20       000000
__Htext21                text21       000000
__Htext22                text22       000000
__Htext23                text23       000000
__Htext24                text24       000000
__Htext25                text25       000000
__Htext26                text26       000000
__Htext27                text27       000000
__Htext28                text28       000000
__Htext29                text29       000000
__Htext3                 text3        000000
__Htext30                text30       000000
__Htext31                text31       000000
__Htext32                text32       000000
__Htext33                text33       000000
__Htext34                text34       000000
__Htext35                text35       000000
__Htext36                text36       000000
__Htext37                text37       000000
__Htext38                text38       000000
__Htext39                text39       000000
__Htext4                 text4        000000
__Htext40                text40       000000
__Htext41                text41       000000
__Htext42                text42       000000
__Htext43                text43       000000
__Htext44                text44       000000
__Htext45                text45       000000
__Htext46                text46       000000
__Htext5                 text5        000000
__Htext6                 text6        000000
__Htext7                 text7        000000
__Htext8                 text8        000000
__Htext9                 text9        000000
__LRAM                   (abs)        000001
__Labs1                  abs1         000000
__Lbank0                 bank0        000000
__Lbank1                 bank1        000000
__Lbank2                 bank2        000000
__Lbank3                 bank3        000000
__Lbank4                 bank4        000000
__Lbank5                 bank5        000000
__Lbigbss                bigbss       000000
__Lbigdata               bigdata      000000
__Lbigram                bigram       000000
__Lbss                   bss          000000
__LbssCOMRAM             bssCOMRAM    000000
__Lcinit                 cinit        000000
__Lclrtext               clrtext      000000
__Lcomram                comram       000000
__Lconfig                config       000000
__Lconst                 const        000000
__LcstackCOMRAM          cstackCOMRAM 000000
__Ldata                  data         000000
__LdataCOMRAM            dataCOMRAM   000000
__Leeprom_data           eeprom_data  000000
__Lfarbss                farbss       000000
__Lfardata               fardata      000000
__Libigdata              ibigdata     000000
__Lidata                 idata        000000
__LidataCOMRAM           idataCOMRAM  000000
__Lidloc                 idloc        000000
__Lifardata              ifardata     000000
__Linit                  init         000000
__Lintcode               intcode      000000
__Lintcode_body          intcode_body 000000
__Lintcodelo             intcodelo    000000
__Lintentry              intentry     000000
__Lintret                intret       000000
__Lintsave_regs          intsave_regs 000000
__Lirdata                irdata       000000
__Lmediumconst           mediumconst  000000
__LnvFARRAM              nvFARRAM     000000
__Lnvbit                 nvbit        000000
__Lnvrram                nvrram       000000
__Lparam                 rparam       000000
__Lpowerup               powerup      000000
__Lram                   ram          000000
__Lramtop                ramtop       000600
__Lrbit                  rbit         000000
__Lrbss                  rbss         000000
__Lrdata                 rdata        000000
__Lreset_vec             reset_vec    000000
__Lrparam                rparam       000000
__Lsfr                   sfr          000000
__Lsmallconst            smallconst   000600
__Lspace_0               (abs)        000000
__Lspace_1               (abs)        000000
__Lspace_2               (abs)        000000
__Lspace_4               (abs)        000000
__Lstack                 stack        000000
__Lstruct                struct       000000
__Ltemp                  temp         000000
__Ltext                  text         000000
__Ltext0                 text0        000000
__Ltext1                 text1        000000
__Ltext10                text10       000000
__Ltext11                text11       000000
__Ltext12                text12       000000
__Ltext13                text13       000000
__Ltext14                text14       000000
__Ltext15                text15       000000
__Ltext16                text16       000000
__Ltext17                text17       000000
__Ltext18                text18       000000
__Ltext19                text19       000000
__Ltext2                 text2        000000
__Ltext20                text20       000000
__Ltext21                text21       000000
__Ltext22                text22       000000
__Ltext23                text23       000000
__Ltext24                text24       000000
__Ltext25                text25       000000
__Ltext26                text26       000000
__Ltext27                text27       000000
__Ltext28                text28       000000
__Ltext29                text29       000000
__Ltext3                 text3        000000
__Ltext30                text30       000000
__Ltext31                text31       000000
__Ltext32                text32       000000
__Ltext33                text33       000000
__Ltext34                text34       000000
__Ltext35                text35       000000
__Ltext36                text36       000000
__Ltext37                text37       000000
__Ltext38                text38       000000
__Ltext39                text39       000000
__Ltext4                 text4        000000
__Ltext40                text40       000000
__Ltext41                text41       000000
__Ltext42                text42       000000
__Ltext43                text43       000000
__Ltext44                text44       000000
__Ltext45                text45       000000
__Ltext46                text46       000000
__Ltext5                 text5        000000
__Ltext6                 text6        000000
__Ltext7                 text7        000000
__Ltext8                 text8        000000
__Ltext9                 text9        000000
__S0                     (abs)        001F62
__S1                     (abs)        000035
__S2                     (abs)        000000
__S4                     (abs)        000000
__S5                     (abs)        000000
___aldiv                 text15       001142
___aldiv@counter         cstackCOMRAM 000009
___aldiv@dividend        cstackCOMRAM 000001
___aldiv@divisor         cstackCOMRAM 000005
___aldiv@quotient        cstackCOMRAM 00000B
___aldiv@sign            cstackCOMRAM 00000A
___awdiv                 text24       001346
___awdiv@counter         cstackCOMRAM 000005
___awdiv@dividend        cstackCOMRAM 000001
___awdiv@divisor         cstackCOMRAM 000003
___awdiv@quotient        cstackCOMRAM 000007
___awdiv@sign            cstackCOMRAM 000006
___awmod                 text23       0014BE
___awmod@counter         cstackCOMRAM 00000D
___awmod@dividend        cstackCOMRAM 000009
___awmod@divisor         cstackCOMRAM 00000B
___awmod@sign            cstackCOMRAM 00000E
___inthi_sp              stack        000000
___intlo_sp              stack        000000
___lwdiv                 text10       0018D2
___lwdiv@counter         cstackCOMRAM 000007
___lwdiv@dividend        cstackCOMRAM 000001
___lwdiv@divisor         cstackCOMRAM 000003
___lwdiv@quotient        cstackCOMRAM 000005
___param_bank            (abs)        000000
___rparam_used           (abs)        000001
___sp                    stack        000000
___wmul                  text9        001E1C
___wmul@multiplicand     cstackCOMRAM 000003
___wmul@multiplier       cstackCOMRAM 000001
___wmul@product          cstackCOMRAM 000005
__accesstop              (abs)        000080
__activetblptr           (abs)        000002
__end_of_InfBoiler       text44       001614
__end_of_PulseClockData  text41       001E1C
__end_of_PulseEnClock    text40       001DF2
__end_of___aldiv         text15       00124E
__end_of___awdiv         text24       00140A
__end_of___awmod         text23       00156E
__end_of___lwdiv         text10       001946
__end_of___wmul          text9        001E42
__end_of__initialization cinit        001D30
__end_of_charKey         smallconst   00061B
__end_of_delayMicro      text33       001F62
__end_of_delayMili       text34       001D9C
__end_of_digitalRead     text43       00100C
__end_of_digitalWrite    text42       000B58
__end_of_kpDebounce      text38       001142
__end_of_kpInit          text35       001D6C
__end_of_kpRead          text27       001F50
__end_of_kpReadKey       text26       0018D2
__end_of_lcdChar         text22       001ECE
__end_of_lcdCommand      text30       001EEC
__end_of_lcdInit         text28       0014BE
__end_of_lcdNumber       text21       0019BA
__end_of_lcdString       text20       001BE4
__end_of_leituraMenu     text25       001346
__end_of_main            text0        000EA2
__end_of_menu1           text19       001748
__end_of_menu2           text18       0016AE
__end_of_menu3           text17       0017E0
__end_of_menuCtrl        text16       000D0C
__end_of_pinMode         text37       00090A
__end_of_pulseEnablePin  text32       001CC6
__end_of_pushByte        text31       001AE0
__end_of_pushNibble      text29       001E8E
__end_of_pwmFrequency    text14       001E68
__end_of_pwmInit         text13       001F20
__end_of_pwmSet          text8        001A26
__end_of_serialInit      text12       001F06
__end_of_serialRead      text46       001DC8
__end_of_serialSend      text45       001F36
__end_of_soInit          text36       001D04
__end_of_soWrite         text39       001C84
__end_of_ssdDigit        text7        001B38
__end_of_ssdInit         text11       001B8E
__end_of_status          text6        001A86
__end_of_tempo           text5        00185A
__end_of_timerInit       text4        001F58
__end_of_timerReset      text3        001EB0
__end_of_timerWait       text2        001F46
__end_of_valor           smallconst   000611
__end_of_vap             text1        001C36
__initialization         cinit        001D04
__mediumconst            mediumconst  000000
__pbssCOMRAM             bssCOMRAM    00001B
__pcinit                 cinit        001D04
__pcstackCOMRAM          cstackCOMRAM 000001
__pdataCOMRAM            dataCOMRAM   00002E
__pidataCOMRAM           idataCOMRAM  001F58
__psmallconst            smallconst   000600
__ptext0                 text0        000D0C
__ptext1                 text1        001BE4
__ptext10                text10       0018D2
__ptext11                text11       001B38
__ptext12                text12       001EEC
__ptext13                text13       001F06
__ptext14                text14       001E42
__ptext15                text15       001142
__ptext16                text16       000B58
__ptext17                text17       001748
__ptext18                text18       001614
__ptext19                text19       0016AE
__ptext2                 text2        001F36
__ptext20                text20       001B8E
__ptext21                text21       001946
__ptext22                text22       001EB0
__ptext23                text23       0014BE
__ptext24                text24       001346
__ptext25                text25       00124E
__ptext26                text26       00185A
__ptext27                text27       001F46
__ptext28                text28       00140A
__ptext29                text29       001E68
__ptext3                 text3        001E8E
__ptext30                text30       001ECE
__ptext31                text31       001A86
__ptext32                text32       001C84
__ptext33                text33       001F60
__ptext34                text34       001D6C
__ptext35                text35       001D3A
__ptext36                text36       001CC6
__ptext37                text37       0006BC
__ptext38                text38       00100C
__ptext39                text39       001C36
__ptext4                 text4        001F50
__ptext40                text40       001DC8
__ptext41                text41       001DF2
__ptext42                text42       00090A
__ptext43                text43       000EA2
__ptext44                text44       00156E
__ptext45                text45       001F20
__ptext46                text46       001D9C
__ptext5                 text5        0017E0
__ptext6                 text6        001A26
__ptext7                 text7        001AE0
__ptext8                 text8        0019BA
__ptext9                 text9        001E1C
__ramtop                 ramtop       000600
__size_of_InfBoiler      (abs)        000000
__size_of_PulseClockData (abs)        000000
__size_of_PulseEnClock   (abs)        000000
__size_of___aldiv        (abs)        000000
__size_of___awdiv        (abs)        000000
__size_of___awmod        (abs)        000000
__size_of___lwdiv        (abs)        000000
__size_of___wmul         (abs)        000000
__size_of_delayMicro     (abs)        000000
__size_of_delayMili      (abs)        000000
__size_of_digitalRead    (abs)        000000
__size_of_digitalWrite   (abs)        000000
__size_of_kpDebounce     (abs)        000000
__size_of_kpInit         (abs)        000000
__size_of_kpRead         (abs)        000000
__size_of_kpReadKey      (abs)        000000
__size_of_lcdChar        (abs)        000000
__size_of_lcdCommand     (abs)        000000
__size_of_lcdInit        (abs)        000000
__size_of_lcdNumber      (abs)        000000
__size_of_lcdString      (abs)        000000
__size_of_leituraMenu    (abs)        000000
__size_of_main           (abs)        000000
__size_of_menu1          (abs)        000000
__size_of_menu2          (abs)        000000
__size_of_menu3          (abs)        000000
__size_of_menuCtrl       (abs)        000000
__size_of_pinMode        (abs)        000000
__size_of_pulseEnablePin (abs)        000000
__size_of_pushByte       (abs)        000000
__size_of_pushNibble     (abs)        000000
__size_of_pwmFrequency   (abs)        000000
__size_of_pwmInit        (abs)        000000
__size_of_pwmSet         (abs)        000000
__size_of_serialInit     (abs)        000000
__size_of_serialRead     (abs)        000000
__size_of_serialSend     (abs)        000000
__size_of_soInit         (abs)        000000
__size_of_soWrite        (abs)        000000
__size_of_ssdDigit       (abs)        000000
__size_of_ssdInit        (abs)        000000
__size_of_status         (abs)        000000
__size_of_tempo          (abs)        000000
__size_of_timerInit      (abs)        000000
__size_of_timerReset     (abs)        000000
__size_of_timerWait      (abs)        000000
__size_of_vap            (abs)        000000
__smallconst             smallconst   000600
_aux                     bssCOMRAM    00001D
_aux2                    bssCOMRAM    00001B
_charKey                 smallconst   000611
_count                   bssCOMRAM    00002C
_ctrl                    bssCOMRAM    00002B
_delayMicro              text33       001F60
_delayMili               text34       001D6C
_digitalRead             text43       000EA2
_digitalWrite            text42       00090A
_display                 bssCOMRAM    000029
_flag                    bssCOMRAM    00002A
_keys                    bssCOMRAM    000023
_kpDebounce              text38       00100C
_kpInit                  text35       001D3A
_kpRead                  text27       001F46
_kpReadKey               text26       00185A
_lcdChar                 text22       001EB0
_lcdCommand              text30       001ECE
_lcdInit                 text28       00140A
_lcdNumber               text21       001946
_lcdString               text20       001B8E
_leituraMenu             text25       00124E
_lev                     dataCOMRAM   000032
_main                    text0        000D0C
_menu1                   text19       0016AE
_menu2                   text18       001614
_menu3                   text17       001748
_menuCtrl                text16       000B58
_menuNum                 dataCOMRAM   000034
_pinMode                 text37       0006BC
_pres                    dataCOMRAM   000030
_pulseEnablePin          text32       001C84
_pushByte                text31       001A86
_pushNibble              text29       001E68
_pwmFrequency            text14       001E42
_pwmInit                 text13       001F06
_pwmSet                  text8        0019BA
_serialInit              text12       001EEC
_serialRead              text46       001D9C
_serialSend              text45       001F20
_soInit                  text36       001CC6
_soWrite                 text39       001C36
_ssdDigit                text7        001AE0
_ssdInit                 text11       001B38
_status                  text6        001A26
_subMenu                 dataCOMRAM   000033
_temp                    dataCOMRAM   00002E
_tempo                   text5        0017E0
_timerInit               text4        001F50
_timerReset              text3        001E8E
_timerWait               text2        001F36
_v0                      bssCOMRAM    000028
_v1                      bssCOMRAM    000027
_v2                      bssCOMRAM    000026
_v3                      bssCOMRAM    000025
_valor                   smallconst   000601
_vap                     text1        001BE4
delayMicro@a             cstackCOMRAM 000001
delayMili@a              cstackCOMRAM 000001
delayMili@i              cstackCOMRAM 000004
digitalRead@pin          cstackCOMRAM 000001
digitalWrite@pin         cstackCOMRAM 000001
digitalWrite@value       cstackCOMRAM 000003
end_of_initialization    cinit        001D30
intlevel0                text         000000
intlevel1                text         000000
intlevel2                text         000000
intlevel3                text         000000
isa$std                  (abs)        000001
isa$xinst                (abs)        000000
kpDebounce@i             cstackCOMRAM 00000D
kpDebounce@newRead       bssCOMRAM    000021
kpDebounce@oldRead       bssCOMRAM    00001F
kpDebounce@tempo         bssCOMRAM    00002D
kpReadKey@i              cstackCOMRAM 000004
lcdChar@value            cstackCOMRAM 00000E
lcdCommand@value         cstackCOMRAM 00000E
lcdNumber@i              cstackCOMRAM 000011
lcdNumber@value          cstackCOMRAM 00000F
lcdString@i              cstackCOMRAM 000013
lcdString@msg            cstackCOMRAM 00000F
main@slot                cstackCOMRAM 00001A
menu1@subMenu            cstackCOMRAM 000017
menu2@subMenu            cstackCOMRAM 000017
menu3@subMenu            cstackCOMRAM 000017
menuCtrl@menuNum         cstackCOMRAM 000009
menuCtrl@subMenu         cstackCOMRAM 000006
pinMode@pin              cstackCOMRAM 000001
pinMode@type             cstackCOMRAM 000003
pushByte@rs              cstackCOMRAM 00000A
pushByte@value           cstackCOMRAM 00000D
pushNibble@rs            cstackCOMRAM 00000A
pushNibble@value         cstackCOMRAM 00000C
pwmFrequency@freq        cstackCOMRAM 00000F
pwmSet@porcento          cstackCOMRAM 00000A
pwmSet@val               cstackCOMRAM 00000B
serialRead@resp          cstackCOMRAM 000001
serialSend@c             cstackCOMRAM 000001
soWrite@i                cstackCOMRAM 000009
soWrite@value            cstackCOMRAM 000007
ssdDigit@pos             cstackCOMRAM 00000F
ssdDigit@val             cstackCOMRAM 000010
stackhi                  (abs)        0005FF
stacklo                  (abs)        000080
start                    init         000000
start_initialization     cinit        001D04
tempo@aux                cstackCOMRAM 000002
tempo@i                  cstackCOMRAM 000003
tempo@j                  cstackCOMRAM 000004
tempo@k                  cstackCOMRAM 000005
tempo@tempX              cstackCOMRAM 000001
timerReset@ciclos        cstackCOMRAM 000003
timerReset@tempo         cstackCOMRAM 000001


MODULE INFORMATION

Module		Function		Class		Link	Load	Size
ssd.c
		_ssdInit       		CODE           	1B38	0000	86
		_ssdDigit      		CODE           	1AE0	0000	88

ssd.c estimated size: 174

C:\Program Files\Microchip\xc8\v2.32\pic\sources\c99\common\awdiv.c
		___awdiv       		CODE           	1346	0000	196

C:\Program Files\Microchip\xc8\v2.32\pic\sources\c99\common\awdiv.c estimated size: 196

serial.c
		_serialSend    		CODE           	1F20	0000	22
		_serialInit    		CODE           	1EEC	0000	26
		_serialRead    		CODE           	1D9C	0000	44

serial.c estimated size: 92

delay.c
		_tempo         		CODE           	17E0	0000	122

delay.c estimated size: 122

C:\Program Files\Microchip\xc8\v2.32\pic\sources\c99\common\aldiv.c
		___aldiv       		CODE           	1142	0000	268

C:\Program Files\Microchip\xc8\v2.32\pic\sources\c99\common\aldiv.c estimated size: 268

keypad.c
		_kpInit        		CODE           	1D3A	0000	50
		_kpReadKey     		CODE           	185A	0000	120
		_kpDebounce    		CODE           	100C	0000	310
		_kpRead        		CODE           	1F46	0000	10

keypad.c estimated size: 490

so.c
		_soInit        		CODE           	1CC6	0000	62
		_soWrite       		CODE           	1C36	0000	78
		_PulseEnClock  		CODE           	1DC8	0000	42
		_PulseClockData		CODE           	1DF2	0000	42

so.c estimated size: 224

io.c
		_digitalRead   		CODE           	0EA2	0000	362
		_digitalWrite  		CODE           	090A	0000	590
		_pinMode       		CODE           	06BC	0000	590

io.c estimated size: 1542

timer.c
		_timerWait     		CODE           	1F36	0000	16
		_timerReset    		CODE           	1E8E	0000	34
		_timerInit     		CODE           	1F50	0000	8

timer.c estimated size: 58

pwm.c
		_pwmInit       		CODE           	1F06	0000	26
		_pwmFrequency  		CODE           	1E42	0000	38
		_pwmSet        		CODE           	19BA	0000	108

pwm.c estimated size: 172

C:\Program Files\Microchip\xc8\v2.32\pic\sources\c99\common\Umul16.c
		___wmul        		CODE           	1E1C	0000	38

C:\Program Files\Microchip\xc8\v2.32\pic\sources\c99\common\Umul16.c estimated size: 38

shared
		_valor         		SMALLCONST     	0601	0000	16
		_charKey       		SMALLCONST     	0611	0000	10
		__initialization		CODE           	1D04	0000	44

shared estimated size: 70

C:\Program Files\Microchip\xc8\v2.32\pic\sources\c99\common\awmod.c
		___awmod       		CODE           	14BE	0000	176

C:\Program Files\Microchip\xc8\v2.32\pic\sources\c99\common\awmod.c estimated size: 176

C:\Program Files\Microchip\xc8\v2.32\pic\sources\c99\common\lwdiv.c
		___lwdiv       		CODE           	18D2	0000	116

C:\Program Files\Microchip\xc8\v2.32\pic\sources\c99\common\lwdiv.c estimated size: 116

menu.c
		_menuCtrl      		CODE           	0B58	0000	436
		_menu1         		CODE           	16AE	0000	154
		_menu2         		CODE           	1614	0000	154
		_menu3         		CODE           	1748	0000	152
		_leituraMenu   		CODE           	124E	0000	248

menu.c estimated size: 1144

lcd.c
		_lcdCommand    		CODE           	1ECE	0000	30
		_lcdChar       		CODE           	1EB0	0000	30
		_lcdString     		CODE           	1B8E	0000	86
		_pulseEnablePin		CODE           	1C84	0000	66
		_lcdNumber     		CODE           	1946	0000	116
		_pushByte      		CODE           	1A86	0000	90
		_pushNibble    		CODE           	1E68	0000	38
		_lcdInit       		CODE           	140A	0000	180
		_delayMili     		CODE           	1D6C	0000	48
		_delayMicro    		CODE           	1F60	0000	2

lcd.c estimated size: 686

main.c
		_vap           		CODE           	1BE4	0000	82
		_main          		CODE           	0D0C	0000	406
		_status        		CODE           	1A26	0000	96
		_InfBoiler     		CODE           	156E	0000	166

main.c estimated size: 750

